// Jest Snapshot v1, https://goo.gl/fbAQLP

exports[`landing matches the last accepted Snapshot 1`] = `
<Relay(DefaultLayout)
  session={null}
  title="GGIRCS Dashboard"
>
  <Row
    noGutters={false}
  >
    <SwrsDataAccessCard />
  </Row>
</Relay(DefaultLayout)>
`;
