// Jest Snapshot v1, https://goo.gl/fbAQLP

exports[`The swrs-browser page matches the last accepted Snapshot 1`] = `
<Relay(DefaultLayout)
  session={null}
  title="ECCC SWRS File Explorer"
>
  <FileList />
</Relay(DefaultLayout)>
`;
